<?xml version="1.0" encoding="UTF-8"?>
<unicastTable>
	<route dest="9" through="7" />
	<route dest="6" through="4" />
	<route dest="0" through="2" />
</unicastTable>