<?xml version="1.0" encoding="UTF-8"?>
<unicastTable>
	<route dest="9" through="1" />
	<route dest="6" through="1" />
</unicastTable>