<?xml version="1.0" encoding="UTF-8"?>
<unicastTable>
	<route dest="6" through="8" />
	<route dest="0" through="8" />
</unicastTable>