<?xml version="1.0" encoding="UTF-8"?>
<unicastTable>
	<route dest="9" through="2" />
	<route dest="6" through="2" />
	<route dest="0" through="0" />
</unicastTable>