<?xml version="1.0" encoding="UTF-8"?>
<neighbours>
	<peer id="1"/>
	<peer id="3"/>
</neighbours>