<?xml version="1.0" encoding="UTF-8"?>
<graphml>
	<graph>
		<node id="Service:S1:5"/>
		<node id="Connection:O-B*I-A"/>
		<edge id="1" source="Connection:O-B*I-A" target="Service:S1:5"/>
		<node id="Service:S1:2"/>
		<edge id="2" source="Connection:O-B*I-A" target="Service:S1:2"/>
		<node id="Service:S3:7"/>
		<edge id="4" source="Service:S3:7" target="Connection:O-B*I-A"/>
	</graph>
</graphml>