<?xml version="1.0" encoding="UTF-8"?>
<unicastTable>
	<route dest="0" parameter="I-A" through="6" type="SEARCH"/>
	<route dest="9" parameter="I-A" through="8" type="PARAMETER"/>
</unicastTable>