<?xml version="1.0" encoding="UTF-8"?>
<unicastTable>
	<search peer="0">
		<parameter value="I-1" />
	</search>
	<route dest="0" through="2" />
	<route dest="5" through="4" />
</unicastTable>