<?xml version="1.0" encoding="UTF-8"?>
<unicastTable>
	<search peer="0">
		<parameter value="I-A" />
	</search>
	<route dest="9" through="1" />
</unicastTable>