<?xml version="1.0" encoding="UTF-8"?>
<unicastTable>
	<route dest="0" parameter="I-A" through="7" type="SEARCH"/>
	<route dest="9" parameter="I-A" through="9" type="PARAMETER"/>
</unicastTable>