<?xml version="1.0" encoding="UTF-8"?>
<unicastTable>
	<route dest="8" parameter="I-B" through="1" type="SEARCH"/>
</unicastTable>