<?xml version="1.0" encoding="UTF-8"?>
<unicastTable>
	<search peer="3">
		<parameter value="I-2" />
	</search>
	<route dest="3" through="3" />
	<route dest="5" through="5" />
</unicastTable>