<?xml version="1.0" encoding="UTF-8"?>
<unicastTable>
	<search peer="10">
		<parameter value="I-A" />
	</search>
	<route dest="10" through="1" />
</unicastTable>