<?xml version="1.0" encoding="UTF-8"?>
<unicastTable>
	<search peer="3">
		<parameter value="I-B" />
	</search>
	<route dest="3" through="4" />
</unicastTable>