<?xml version="1.0" encoding="UTF-8"?>
<unicastTable>
	<route dest="10" parameter="I-A" through="2" type="SEARCH"/>
	<route dest="8" parameter="I-A" through="7" type="PARAMETER"/>
	<route dest="3" parameter="I-B" through="2" type="SEARCH"/>
</unicastTable>