<?xml version="1.0" encoding="UTF-8"?>
<unicastTable>
	<search peer="10">
		<parameter value="I-1" />
	</search>
	<search peer="3">
		<parameter value="I-2" />
	</search>
	<route dest="10" through="10" />
	<route dest="3" through="2" />
	<route dest="11" through="10" />
	<route dest="0" through="2" />
	<route dest="8" through="2" />
</unicastTable>