<?xml version="1.0" encoding="UTF-8"?>
<parameterTable>
	<parameter id="I-A">
		<entry neighbor="9" distance="1"/>
	</parameter>
	<parameter id="I-B">
		<entry neighbor="11" distance="4"/>
	</parameter>
</parameterTable>
