<?xml version="1.0" encoding="UTF-8"?>
<parameterTable>
	<parameter id="I-A">
		<entry neighbor="2" distance="2"/>
	</parameter>
	<parameter id="I-B">
		<entry neighbor="4" distance="3"/>
		<entry neighbor="2" distance="1" optional="true"/>
	</parameter>
</parameterTable>