<?xml version="1.0" encoding="UTF-8"?>
<parameterTable>
	<parameter id="I-1">
		<entry neighbor="6" distance="2" optional="true"/>
		<entry neighbor="1" distance="3"/>
	</parameter>
	<parameter id="I-2">
		<entry neighbor="9" distance="2"/>
		<entry neighbor="3" distance="2"/>
	</parameter>
</parameterTable>