<?xml version="1.0" encoding="UTF-8"?>
<unicastTable>
	<search peer="6">
		<parameter value="I-B" />
	</search>
	<route dest="6" through="6" />
	<route dest="1" through="4" />
</unicastTable>