<?xml version="1.0" encoding="UTF-8"?>
<unicastTable>
	<route dest="4" parameter="I-A" through="8" type="SEARCH"/>
	<route dest="13" parameter="I-A" through="10" type="PARAMETER"/>
</unicastTable>
