<?xml version="1.0" encoding="UTF-8"?>
<neighbours>
	<peer id="2"/>
	<peer id="4"/>
</neighbours>