<?xml version="1.0" encoding="UTF-8"?>
<unicastTable>
	<route dest="1" parameter="I-1" through="1" type="SEARCH"/>
</unicastTable>