<?xml version="1.0" encoding="UTF-8"?>
<parameterTable>
	<parameter id="I-1">
		<entry neighbor="2" distance="5"/>
		<entry neighbor="1" distance="3"/>
	</parameter>
</parameterTable>