<?xml version="1.0" encoding="UTF-8"?>
<unicastTable>
	<route dest="0" through="0" type="NORMAL"/>
	<route dest="4" parameter="I-A" through="2" type="SEARCH"/>
</unicastTable>