<?xml version="1.0" encoding="UTF-8"?>
<unicastTable>
	<route dest="2" parameter="I-C" through="3" type="PARAMETER"/>
</unicastTable>