<?xml version="1.0" encoding="UTF-8"?>
<unicastTable>
	<search peer="9">
		<parameter value="I-1" />
	</search>
	<search peer="9">
		<parameter value="I-2" />
	</search>
	<route dest="1" through="8" />
</unicastTable>