<?xml version="1.0" encoding="UTF-8"?>
<unicastTable>
	<route dest="8" parameter="I-A" through="6" type="SEARCH"/>
	<route dest="0" through="4" type="NORMAL"/>
	<route dest="0" through="4" type="NORMAL"/>
</unicastTable>