<?xml version="1.0" encoding="UTF-8"?>
<unicastTable>
	<search peer="5">
		<parameter value="I-A" />
	</search>
	<route dest="5" through="3" />
	<route dest="0" through="1" />
</unicastTable>