<?xml version="1.0" encoding="UTF-8"?>
<parameterTable>
	<parameter id="I-1">
		<entry distance="5" neighbor="6"/>
	</parameter>
</parameterTable>