<?xml version="1.0" encoding="UTF-8"?>
<unicastTable>
	<route dest="6" parameter="I-B" through="1" type="SEARCH"/>
	<route dest="9" parameter="I-B" through="1" type="SEARCH"/>
</unicastTable>